../Core/Src/main.c:105:6:ConvertNumberToDigits	16	static
../Core/Src/main.c:112:6:SendToLED_SPI	24	static
../Core/Src/main.c:125:6:delay	16	static
../Core/Src/main.c:137:7:SET_PIN_OUTPUT	32	static
../Core/Src/main.c:147:7:SET_PIN_INPUT	32	static
../Core/Src/main.c:156:7:DHT11_Start	8	static
../Core/Src/main.c:165:11:Check_Response	16	static
../Core/Src/main.c:178:10:DHT11_Read	16	static
../Core/Src/main.c:201:5:main	136	static
../Core/Src/main.c:298:6:SystemClock_Config	72	static
../Core/Src/main.c:338:13:MX_SPI1_Init	8	static
../Core/Src/main.c:376:13:MX_TIM1_Init	32	static
../Core/Src/main.c:422:13:MX_USART1_UART_Init	8	static
../Core/Src/main.c:455:13:MX_GPIO_Init	40	static
../Core/Src/main.c:508:6:Task1_GetTemperature	48	static
../Core/Src/main.c:543:6:Task2_GetHumidity	48	static
../Core/Src/main.c:569:6:Task3_SendTempHumidity	104	static
../Core/Src/main.c:594:6:Task4_DisplayTempHumidity	56	static
../Core/Src/main.c:620:6:HAL_TIM_PeriodElapsedCallback	16	static
../Core/Src/main.c:637:6:Error_Handler	4	static,ignoring_inline_asm
