../Core/Src/main.c:105:6:ConvertNumberToDigits	16	static
../Core/Src/main.c:112:6:SendToLED_SPI	24	static
../Core/Src/main.c:126:6:delay	16	static
../Core/Src/main.c:141:7:SET_PIN_OUTPUT	32	static
../Core/Src/main.c:151:7:SET_PIN_INPUT	32	static
../Core/Src/main.c:160:7:DHT11_Start	8	static
../Core/Src/main.c:169:11:Check_Response	16	static
../Core/Src/main.c:182:10:DHT11_Read	16	static
../Core/Src/main.c:205:5:main	136	static
../Core/Src/main.c:302:6:SystemClock_Config	72	static
../Core/Src/main.c:342:13:MX_SPI1_Init	8	static
../Core/Src/main.c:380:13:MX_TIM1_Init	32	static
../Core/Src/main.c:426:13:MX_USART1_UART_Init	8	static
../Core/Src/main.c:459:13:MX_GPIO_Init	40	static
../Core/Src/main.c:512:6:Task1_GetTemperature	48	static
../Core/Src/main.c:547:6:Task2_GetHumidity	16	static
../Core/Src/main.c:574:6:Task3_SendTempHumidity	104	static
../Core/Src/main.c:599:6:Task4_DisplayTempHumidity	48	static
../Core/Src/main.c:625:6:HAL_TIM_PeriodElapsedCallback	16	static
../Core/Src/main.c:642:6:Error_Handler	4	static,ignoring_inline_asm
