../Core/Src/main.c:95:6:ConvertNumberToDigits	16	static
../Core/Src/main.c:102:6:SendToLED_SPI	24	static
../Core/Src/main.c:115:6:delay	16	static
../Core/Src/main.c:127:7:SET_PIN_OUTPUT	32	static
../Core/Src/main.c:137:7:SET_PIN_INPUT	32	static
../Core/Src/main.c:146:7:DHT11_Start	8	static
../Core/Src/main.c:155:11:Check_Response	16	static
../Core/Src/main.c:168:10:DHT11_Read	16	static
../Core/Src/main.c:185:8:Task1_Get_Temperature	40	static
../Core/Src/main.c:200:8:Task2_Get_Humidity	40	static
../Core/Src/main.c:215:7:Task3_Send_Temp_Humidity	112	static
../Core/Src/main.c:231:7:Task4_Display_Temp_Humidity	56	static
../Core/Src/main.c:253:5:main	8	static
../Core/Src/main.c:310:6:SystemClock_Config	72	static
../Core/Src/main.c:350:13:MX_SPI1_Init	8	static
../Core/Src/main.c:388:13:MX_TIM1_Init	32	static
../Core/Src/main.c:434:13:MX_USART1_UART_Init	8	static
../Core/Src/main.c:467:13:MX_GPIO_Init	32	static
../Core/Src/main.c:506:6:Error_Handler	4	static,ignoring_inline_asm
