../Core/Src/main.c:78:5:main	112	static
../Core/Src/main.c:165:6:SystemClock_Config	72	static
../Core/Src/main.c:205:13:MX_TIM1_Init	32	static
../Core/Src/main.c:251:13:MX_USART1_UART_Init	8	static
../Core/Src/main.c:284:13:MX_GPIO_Init	32	static
../Core/Src/main.c:311:6:StartNormalTask	24	static
../Core/Src/main.c:335:6:StartHighTask	32	static
../Core/Src/main.c:365:6:StartLowTask	32	static
../Core/Src/main.c:397:6:HAL_TIM_PeriodElapsedCallback	16	static
../Core/Src/main.c:414:6:Error_Handler	4	static,ignoring_inline_asm
