../Core/Src/main.c:104:6:ConvertNumberToDigits	16	static
../Core/Src/main.c:111:6:SendToLED_SPI	24	static
../Core/Src/main.c:124:6:delay	16	static
../Core/Src/main.c:136:7:SET_PIN_OUTPUT	32	static
../Core/Src/main.c:146:7:SET_PIN_INPUT	32	static
../Core/Src/main.c:155:7:DHT11_Start	8	static
../Core/Src/main.c:164:11:Check_Response	16	static
../Core/Src/main.c:177:10:DHT11_Read	16	static
../Core/Src/main.c:194:7:StateMachine_Run	168	static
../Core/Src/main.c:273:5:main	8	static
../Core/Src/main.c:323:6:SystemClock_Config	72	static
../Core/Src/main.c:363:13:MX_SPI1_Init	8	static
../Core/Src/main.c:401:13:MX_TIM1_Init	32	static
../Core/Src/main.c:447:13:MX_USART1_UART_Init	8	static
../Core/Src/main.c:480:13:MX_GPIO_Init	32	static
../Core/Src/main.c:519:6:Error_Handler	4	static,ignoring_inline_asm
